{
'searchkit:src/__test__/core/AccessorManagerSpec.ts':[
2,
2,
],
'searchkit:src/__test__/core/SearchkitManagerSpec.ts':[
2,
4,
],
'searchkit:src/__test__/core/accessors/CheckboxFilterAccessorSpec.ts':[
3,
3,
3,
4,
],
'searchkit:src/__test__/core/accessors/HierarchicalFacetAccessorSpec.ts':[
2,
3,
],
'searchkit:src/__test__/core/accessors/NestedFacetAccessorSpec.ts':[
2,
3,
],
'searchkit:src/__test__/core/accessors/NumericalOptionsAccessorSpec.ts':[
4,
5,
],
'searchkit:src/__test__/core/accessors/QueryAccessorSpec.ts':[
2,
],
'searchkit:src/__test__/core/accessors/SortingAccessorSpec.ts':[
3,
],
'searchkit:src/__test__/core/accessors/ViewOptionsAccessorSpec.ts':[
4,
],
'searchkit:src/__test__/core/query/ImmutableQuerySpec.ts':[
9,
],
'searchkit:src/__test__/core/react/FastClickSpec.tsx':[
4,
5,
],
'searchkit:src/__test__/core/react/LoadingComponentSpec.tsx':[
5,
],
'searchkit:src/__test__/core/react/RenderComponentSpec.tsx':[
4,
4,
4,
11,
12,
],
'searchkit:src/__test__/core/react/SearchkitProviderSpec.tsx':[
4,
],
'searchkit:src/components/display/view-switcher/ViewSwitcherHits.tsx':[
6,
8,
13,
13,
13,
],
'searchkit:src/components/display/view-switcher/ViewSwitcherHits.unit.tsx':[
3,
4,
9,
9,
],
'searchkit:src/components/display/view-switcher/ViewSwitcherToggle.tsx':[
4,
6,
11,
12,
],
'searchkit:src/components/search/filters/checkbox-filter/CheckboxFilter.tsx':[
5,
7,
16,
],
'searchkit:src/components/search/filters/checkbox-filter/CheckboxFilter.unit.tsx':[
2,
3,
4,
6,
6,
10,
11,
],
'searchkit:src/components/search/filters/dynamic-range-filter/DynamicRangeFilter.tsx':[
4,
6,
7,
8,
9,
13,
17,
17,
22,
],
'searchkit:src/components/search/filters/dynamic-range-filter/DynamicRangeFilter.unit.tsx':[
3,
6,
6,
6,
],
'searchkit:src/components/search/filters/facet-filter/FacetFilter.tsx':[
3,
6,
7,
7,
12,
],
'searchkit:src/components/search/filters/facet-filter/FacetFilter.unit.tsx':[
2,
3,
4,
5,
6,
7,
],
'searchkit:src/components/search/filters/facet-filter/FacetFilterProps.ts':[
4,
4,
6,
7,
11,
11,
],
'searchkit:src/components/search/filters/facet-filter/MenuFilter.tsx':[
3,
3,
7,
11,
],
'searchkit:src/components/search/filters/facet-filter/MenuFilter.unit.tsx':[
2,
3,
4,
4,
5,
7,
7,
9,
10,
],
'searchkit:src/components/search/filters/facet-filter/RefinementListFilter.tsx':[
2,
2,
],
'searchkit:src/components/search/filters/facet-filter/pageobjects.ts':[
1,
1,
],
'searchkit:src/components/search/filters/hierarchical-menu-filter/src/HierarchicalMenuFilter.tsx':[
6,
7,
],
'searchkit:src/components/search/filters/hierarchical-menu-filter/test/HierarchicalMenuFilterSpec.tsx':[
3,
4,
4,
7,
8,
],
'searchkit:src/components/search/filters/hierarchical-refinement-filter/page-objects/HierarchicalRefinementFilter.ts':[
1,
1,
],
'searchkit:src/components/search/filters/hierarchical-refinement-filter/src/HierarchicalRefinementFilter.tsx':[
6,
7,
],
'searchkit:src/components/search/filters/hierarchical-refinement-filter/test/HierarchicalRefinementFilterSpec.tsx':[
3,
3,
4,
8,
],
'searchkit:src/components/search/filters/input-filter/InputFilter.tsx':[
6,
7,
],
'searchkit:src/components/search/filters/input-filter/InputFilter.unit.tsx':[
3,
4,
7,
7,
11,
16,
],
'searchkit:src/components/search/filters/numeric-refinement-list-filter/src/NumericRefinementListFilter.tsx':[
4,
7,
8,
9,
12,
16,
16,
],
'searchkit:src/components/search/filters/numeric-refinement-list-filter/test/NumericRefinementListFilterSpec.tsx':[
3,
4,
8,
9,
],
'searchkit:src/components/search/filters/range-filter/src/RangeFilter.tsx':[
5,
7,
8,
10,
13,
17,
17,
22,
],
'searchkit:src/components/search/filters/range-filter/test/RangeFilterSpec.tsx':[
3,
6,
6,
6,
10,
],
'searchkit:src/components/search/filters/reset-filters/src/ResetFilters.tsx':[
4,
6,
7,
8,
9,
11,
],
'searchkit:src/components/search/filters/reset-filters/test/ResetFiltersSpec.tsx':[
3,
4,
6,
6,
6,
9,
],
'searchkit:src/components/search/filters/selected-filters/GroupedSelectedFilters.tsx':[
5,
6,
7,
],
'searchkit:src/components/search/filters/selected-filters/GroupedSelectedFilters.unit.tsx':[
3,
4,
6,
7,
9,
9,
],
'searchkit:src/components/search/filters/selected-filters/SelectedFilters.tsx':[
4,
6,
7,
8,
9,
],
'searchkit:src/components/search/filters/selected-filters/SelectedFilters.unit.tsx':[
3,
3,
4,
9,
9,
],
'searchkit:src/components/search/filters/tag-filter/TagFilter.tsx':[
5,
6,
],
'searchkit:src/components/search/filters/tag-filter/TagFilter.unit.tsx':[
2,
3,
4,
4,
8,
9,
],
'searchkit:src/components/search/filters/tag-filter/TagFilterConfig.tsx':[
4,
],
'searchkit:src/components/search/filters/tag-filter/TagFilterList.tsx':[
4,
5,
6,
9,
],
'searchkit:src/components/search/filters/tag-filter/TagFilterList.unit.tsx':[
2,
3,
4,
4,
8,
9,
],
'searchkit:src/components/search/hits-stats/src/HitsStats.tsx':[
5,
6,
11,
],
'searchkit:src/components/search/hits-stats/test/HitsStatsSpec.tsx':[
3,
3,
],
'searchkit:src/components/search/hits/page-objects/Hits.ts':[
1,
],
'searchkit:src/components/search/hits/src/Hits.tsx':[
6,
9,
10,
12,
15,
],
'searchkit:src/components/search/hits/src/InitialLoader.tsx':[
5,
6,
],
'searchkit:src/components/search/hits/src/NoHits.tsx':[
5,
6,
9,
13,
14,
],
'searchkit:src/components/search/hits/src/NoHitsDisplay.tsx':[
3,
],
'searchkit:src/components/search/hits/src/NoHitsErrorDisplay.tsx':[
3,
],
'searchkit:src/components/search/hits/test/HitsSpec.tsx':[
3,
6,
6,
6,
],
'searchkit:src/components/search/hits/test/InitialLoaderSpec.tsx':[
3,
6,
6,
6,
9,
],
'searchkit:src/components/search/hits/test/NoHitsSpec.tsx':[
3,
6,
6,
9,
],
'searchkit:src/components/search/page-size-selector/PageSizeSelector.tsx':[
4,
6,
7,
8,
16,
],
'searchkit:src/components/search/page-size-selector/PageSizeSelector.unit.tsx':[
2,
3,
3,
3,
6,
6,
7,
7,
11,
11,
],
'searchkit:src/components/search/pagination/src/Pagination.tsx':[
6,
7,
8,
9,
15,
20,
21,
22,
],
'searchkit:src/components/search/pagination/test/PaginationSpec.tsx':[
3,
3,
5,
7,
7,
9,
],
'searchkit:src/components/search/search-box/SearchBox.tsx':[
6,
],
'searchkit:src/components/search/search-box/Searchbox.unit.tsx':[
3,
7,
7,
7,
7,
10,
],
'searchkit:src/components/search/sorting-selector/page-objects/SortingSelector.ts':[
1,
1,
],
'searchkit:src/components/search/sorting-selector/src/SortingSelector.tsx':[
6,
7,
8,
9,
11,
16,
20,
],
'searchkit:src/components/search/sorting-selector/test/SortSelectorSpec.tsx':[
3,
7,
10,
10,
10,
],
'searchkit:src/components/ui/filter-group/FilterGroup.tsx':[
4,
6,
10,
11,
],
'searchkit:src/components/ui/filter-group/FilterGroup.unit.tsx':[
4,
6,
6,
],
'searchkit:src/components/ui/layout/Layout.unit.tsx':[
3,
3,
3,
3,
3,
3,
3,
4,
4,
4,
],
'searchkit:src/components/ui/layout/Panel.unit.tsx':[
3,
4,
4,
4,
],
'searchkit:src/components/ui/list/ItemComponents.tsx':[
4,
5,
9,
],
'searchkit:src/components/ui/list/ItemComponents.unit.tsx':[
9,
9,
],
'searchkit:src/components/ui/list/ItemHistogramList.tsx':[
3,
5,
6,
10,
],
'searchkit:src/components/ui/list/ItemHistogramList.unit.tsx':[
6,
8,
8,
],
'searchkit:src/components/ui/list/ItemListComponents.tsx':[
4,
],
'searchkit:src/components/ui/list/ItemListComponents.unit.tsx':[
13,
15,
15,
],
'searchkit:src/components/ui/list/Select.tsx':[
3,
3,
4,
9,
10,
11,
],
'searchkit:src/components/ui/list/Select.unit.tsx':[
5,
7,
7,
7,
],
'searchkit:src/components/ui/list/TagCloud.tsx':[
4,
5,
11,
11,
],
'searchkit:src/components/ui/list/TagCloud.unit.tsx':[
6,
8,
8,
],
'searchkit:src/components/ui/list/pageobjects.ts':[
1,
],
'searchkit:src/components/ui/range/RangeComponents.tsx':[
4,
4,
4,
7,
],
'searchkit:src/components/ui/range/RangeHistogram.unit.tsx':[
5,
7,
7,
7,
],
'searchkit:src/components/ui/range/RangeInput.tsx':[
3,
7,
8,
9,
],
'searchkit:src/components/ui/range/RangeInput.unit.tsx':[
5,
7,
7,
7,
],
'searchkit:src/components/ui/range/RangeSlider.tsx':[
3,
],
'searchkit:src/components/ui/range/RangeSlider.unit.tsx':[
5,
7,
7,
7,
],
'searchkit:src/core/AccessorManager.ts':[
1,
],
'searchkit:src/core/SearchRequest.ts':[
1,
2,
3,
],
'searchkit:src/core/SearchkitManager.ts':[
2,
2,
4,
6,
16,
20,
],
'searchkit:src/core/accessors/Accessor.ts':[
1,
2,
],
'searchkit:src/core/accessors/CheckboxFilterAccessor.ts':[
4,
4,
],
'searchkit:src/core/accessors/DynamicRangeAccessor.ts':[
7,
9,
10,
14,
15,
],
'searchkit:src/core/accessors/FacetAccessor.ts':[
5,
6,
7,
14,
16,
],
'searchkit:src/core/accessors/FilterBasedAccessor.ts':[
2,
],
'searchkit:src/core/accessors/HierarchicalFacetAccessor.ts':[
1,
5,
],
'searchkit:src/core/accessors/NestedFacetAccessor.ts':[
5,
],
'searchkit:src/core/accessors/NumericOptionsAccessor.ts':[
1,
5,
6,
7,
7,
],
'searchkit:src/core/accessors/RangeAccessor.ts':[
10,
11,
],
'searchkit:src/core/accessors/SortingAccessor.ts':[
7,
],
'searchkit:src/core/accessors/SourceFilterAccessor.ts':[
2,
],
'searchkit:src/core/accessors/StatefulAccessor.ts':[
1,
2,
],
'searchkit:src/core/accessors/ViewOptionsAccessor.ts':[
1,
4,
7,
],
'searchkit:src/core/history.ts':[
1,
],
'searchkit:src/core/query/ImmutableQuery.ts':[
4,
],
'searchkit:src/core/query/field_context/FieldContext.ts':[
1,
],
'searchkit:src/core/react/LoadingComponent.tsx':[
2,
],
'searchkit:src/core/react/RenderComponent.ts':[
3,
6,
],
'searchkit:src/core/react/SearchkitComponent.ts':[
3,
4,
7,
8,
],
'searchkit:src/core/react/pure-render/PureRenderComponent.ts':[
3,
],
'searchkit:src/core/transport/AxiosESTransport.ts':[
1,
1,
1,
2,
],
'searchkit:test/e2e/server/apps/children-app/index.tsx':[
5,
6,
7,
8,
9,
10,
11,
12,
13,
15,
16,
17,
],
'searchkit:test/e2e/server/apps/list-app/index.tsx':[
2,
3,
3,
3,
3,
4,
4,
4,
4,
11,
11,
11,
11,
],
'searchkit:test/e2e/server/apps/playground/index.tsx':[
27,
],
'searchkit:test/e2e/server/apps/taxonomy-app/index.tsx':[
5,
6,
7,
8,
9,
10,
11,
12,
13,
14,
15,
17,
18,
19,
20,
],
'searchkit:test/e2e/server/apps/ui-app/index.tsx':[
16,
17,
],
}
