{
'console:src/actions/codeGeneration.ts':[
1,
1,
],
'console:src/actions/databrowser/__tests__/data.ts':[
7,
7,
],
'console:src/actions/databrowser/data.ts':[
1,
1,
1,
2,
2,
3,
3,
3,
4,
9,
9,
14,
],
'console:src/actions/databrowser/shared.ts':[
1,
],
'console:src/actions/databrowser/ui.ts':[
2,
3,
3,
4,
5,
6,
],
'console:src/actions/gettingStarted.tsx':[
3,
4,
4,
4,
4,
5,
8,
],
'console:src/actions/notification.ts':[
1,
],
'console:src/actions/popup.ts':[
1,
2,
],
'console:src/actions/popupSources.ts':[
1,
3,
4,
],
'console:src/actions/progressIndicator.ts':[
1,
],
'console:src/components/ApiLayover/ApiLayover.tsx':[
2,
3,
4,
],
'console:src/components/Auth0LockWrapper/Auth0LockWrapper.tsx':[
4,
8,
12,
],
'console:src/components/Checkbox.tsx':[
2,
],
'console:src/components/Datepicker/Datepicker.tsx':[
4,
5,
],
'console:src/components/GeneratedMutations/GeneratedMutations.tsx':[
3,
],
'console:src/components/Header/Header.tsx':[
3,
],
'console:src/components/Help/Alert.tsx':[
3,
4,
],
'console:src/components/Help/Help.tsx':[
3,
4,
],
'console:src/components/IconNotification/IconNotification.tsx':[
2,
3,
],
'console:src/components/InfiniteTable/InfiniteTable.tsx':[
2,
3,
3,
4,
4,
4,
5,
6,
],
'console:src/components/Links.tsx':[
3,
4,
],
'console:src/components/ModalDocs/DocsResource.tsx':[
2,
3,
],
'console:src/components/ModalDocs/ModalDocs.tsx':[
3,
4,
5,
6,
],
'console:src/components/ModalDocs/VideoPopup.tsx':[
2,
3,
],
'console:src/components/NodeSelector/NodeSelector.tsx':[
3,
5,
6,
7,
],
'console:src/components/Popup.tsx':[
2,
4,
],
'console:src/components/PopupFooter.tsx':[
2,
2,
],
'console:src/components/PopupHeader.tsx':[
2,
],
'console:src/components/PopupWrapper/PopupWrapper.tsx':[
5,
],
'console:src/components/ProjectSelection/ProjectSelection.tsx':[
6,
11,
15,
18,
20,
20,
21,
22,
25,
],
'console:src/components/QueryHistory/QueryHistory.tsx':[
3,
4,
],
'console:src/components/RelationExplanation/RelationExplanation.tsx':[
4,
],
'console:src/components/ResizableBox.tsx':[
4,
5,
],
'console:src/components/Tether/Tether.tsx':[
2,
4,
6,
],
'console:src/components/Window/Alert.tsx':[
2,
],
'console:src/components/onboarding/OnboardingPopup/OnboardingPopup.tsx':[
5,
],
'console:src/main.tsx':[
7,
11,
21,
],
'console:src/mutations/AddActionMutation.ts':[
2,
2,
2,
],
'console:src/mutations/AddProjectMutation.ts':[
2,
],
'console:src/mutations/AuthenticateCustomerMutation.ts':[
2,
],
'console:src/mutations/DeleteAlgoliaSyncQueryMutation.ts':[
2,
2,
3,
],
'console:src/mutations/DeleteModelMutation.ts':[
2,
2,
3,
],
'console:src/mutations/DeleteRelationMutation.ts':[
2,
],
'console:src/mutations/Functions/AddRequestPipelineMutationFunction.ts':[
2,
2,
],
'console:src/mutations/Functions/AddServerSideSubscriptionFunction.ts':[
2,
2,
],
'console:src/mutations/Functions/ToggleActiveRequestPipelineMutationFunction.ts':[
2,
2,
],
'console:src/mutations/Functions/ToggleServerSideSubscriptionFunction.ts':[
2,
2,
],
'console:src/mutations/Functions/UpdateRequestPipelineMutationFunction.ts':[
2,
2,
],
'console:src/mutations/Functions/UpdateServerSideSubscriptionFunction.ts':[
2,
2,
],
'console:src/mutations/ModelPermission/AddPermissionMutation.ts':[
2,
2,
2,
],
'console:src/mutations/ModelPermission/UpdatePermissionMutation.ts':[
2,
],
'console:src/mutations/RelationPermission/AddRelationPermission.tsx':[
2,
2,
2,
],
'console:src/mutations/RelationPermission/UpdateRelationPermission.tsx':[
2,
],
'console:src/mutations/UpdateActionMutation.ts':[
2,
2,
2,
],
'console:src/mutations/UpdateAuthProviderMutation.ts':[
2,
2,
],
'console:src/mutations/UpdateCustomerOnboardingStatusMutation.ts':[
2,
3,
],
'console:src/reducers/codeGeneration.ts':[
1,
3,
3,
],
'console:src/reducers/databrowser/__tests__/data.ts':[
7,
8,
9,
],
'console:src/reducers/databrowser/data.ts':[
1,
5,
],
'console:src/reducers/databrowser/ui.ts':[
1,
5,
],
'console:src/reducers/gettingStarted.ts':[
1,
3,
],
'console:src/reducers/notification.ts':[
1,
3,
],
'console:src/reducers/popup.ts':[
1,
3,
3,
],
'console:src/reducers/popupSources.ts':[
1,
3,
],
'console:src/reducers/progressIndicator.ts':[
1,
3,
],
'console:src/routes.tsx':[
4,
4,
4,
4,
5,
6,
8,
47,
],
'console:src/types/databrowser/data.ts':[
1,
2,
],
'console:src/types/databrowser/shared.ts':[
1,
2,
],
'console:src/types/databrowser/ui.ts':[
1,
2,
],
'console:src/types/gettingStarted.ts':[
1,
],
'console:src/types/notification.ts':[
1,
],
'console:src/types/popup.ts':[
1,
],
'console:src/types/popupSources.ts':[
1,
2,
],
'console:src/types/reducers.ts':[
1,
2,
3,
4,
5,
6,
7,
],
'console:src/types/types.ts':[
1,
2,
],
'console:src/utils/QueryHistoryStorage.ts':[
1,
],
'console:src/utils/__tests__/graphql.ts':[
1,
],
'console:src/utils/__tests__/valueparser.ts':[
3,
4,
],
'console:src/utils/codeGeneration.ts':[
1,
1,
],
'console:src/utils/functions.ts':[
1,
2,
],
'console:src/utils/graphql.ts':[
1,
],
'console:src/utils/metrics.ts':[
1,
],
'console:src/utils/namegetter.ts':[
1,
],
'console:src/utils/relay.ts':[
1,
2,
8,
8,
9,
],
'console:src/utils/simpleapi.ts':[
1,
1,
],
'console:src/utils/utils.ts':[
3,
],
'console:src/utils/valueparser.ts':[
2,
2,
4,
4,
4,
4,
],
'console:src/views/ActionsView/ActionBoxes.tsx':[
5,
6,
7,
8,
9,
18,
19,
20,
],
'console:src/views/ActionsView/ActionHandlerBox.tsx':[
2,
4,
],
'console:src/views/ActionsView/ActionRow.tsx':[
3,
4,
5,
],
'console:src/views/ActionsView/ActionTrigger.tsx':[
4,
4,
5,
],
'console:src/views/ActionsView/ActionTriggerBox.tsx':[
3,
3,
4,
7,
],
'console:src/views/ActionsView/ActionsView.tsx':[
4,
4,
6,
9,
10,
],
'console:src/views/AuthView/AuthView.tsx':[
2,
3,
],
'console:src/views/CLIAuthView/CLIAuthSuccessInitView/CLIAuthSuccessInitView.tsx':[
2,
3,
],
'console:src/views/CLIAuthView/CLIAuthSuccessInitView/Left.tsx':[
2,
3,
],
'console:src/views/CLIAuthView/CLIAuthSuccessInitView/Right.tsx':[
2,
3,
],
'console:src/views/CLIAuthView/CLIAuthSuccessView.tsx':[
2,
3,
],
'console:src/views/CLIAuthView/CLIAuthView/CLIAuthView.tsx':[
2,
4,
5,
6,
7,
],
'console:src/views/CLIAuthView/CLIAuthView/Left.tsx':[
2,
],
'console:src/views/CLIAuthView/CLIAuthView/Right.tsx':[
2,
],
'console:src/views/FunctionsView/FunctionLogs/FunctionLogs.tsx':[
4,
6,
6,
8,
9,
10,
],
'console:src/views/FunctionsView/FunctionLogs/Log.tsx':[
2,
4,
],
'console:src/views/FunctionsView/FunctionPopup/FunctionPopup.tsx':[
4,
7,
8,
9,
10,
10,
10,
19,
20,
22,
23,
24,
29,
30,
33,
34,
],
'console:src/views/FunctionsView/FunctionPopup/InfoBox.tsx':[
2,
2,
],
'console:src/views/FunctionsView/FunctionPopup/JsEditor.tsx':[
2,
],
'console:src/views/FunctionsView/FunctionPopup/RequestPipeline.tsx':[
2,
3,
5,
],
'console:src/views/FunctionsView/FunctionPopup/RequestPipelineFunction.tsx':[
2,
2,
2,
3,
4,
6,
7,
],
'console:src/views/FunctionsView/FunctionPopup/RequestPipelineFunctionInput.tsx':[
4,
6,
7,
8,
9,
11,
12,
14,
],
'console:src/views/FunctionsView/FunctionPopup/Step0.tsx':[
2,
3,
4,
5,
6,
7,
8,
],
'console:src/views/FunctionsView/FunctionPopup/TestLog.tsx':[
2,
4,
],
'console:src/views/FunctionsView/FunctionPopup/TestPopup.tsx':[
2,
4,
5,
6,
6,
8,
10,
11,
],
'console:src/views/FunctionsView/FunctionPopup/Trigger.tsx':[
2,
2,
2,
2,
3,
4,
],
'console:src/views/FunctionsView/FunctionPopup/WebhookEditor.tsx':[
2,
],
'console:src/views/FunctionsView/FunctionPopup/data.tsx':[
2,
],
'console:src/views/FunctionsView/FunctionPopup/functionPopupState.ts':[
1,
1,
1,
1,
2,
2,
],
'console:src/views/FunctionsView/FunctionRow.tsx':[
3,
4,
5,
7,
12,
15,
],
'console:src/views/FunctionsView/FunctionsHeader.tsx':[
2,
3,
4,
],
'console:src/views/FunctionsView/FunctionsList.tsx':[
4,
4,
5,
6,
],
'console:src/views/FunctionsView/FunctionsView.tsx':[
3,
3,
6,
],
'console:src/views/FunctionsView/RequestGraph.tsx':[
2,
3,
],
'console:src/views/ImportSchemaView/ImportSchema.tsx':[
2,
4,
5,
],
'console:src/views/ImportSchemaView/ImportSchemaView.tsx':[
2,
3,
],
'console:src/views/ImportSchemaView/Intro.tsx':[
2,
],
'console:src/views/Integrations/Algolia/AlgoliaHeader.tsx':[
2,
3,
],
'console:src/views/Integrations/Algolia/AlgoliaIndexes.tsx':[
2,
3,
3,
4,
],
'console:src/views/Integrations/Algolia/AlgoliaModal.tsx':[
2,
3,
5,
6,
7,
9,
],
'console:src/views/Integrations/Algolia/AlgoliaQuery.tsx':[
3,
4,
4,
5,
],
'console:src/views/Integrations/Algolia/AlgoliaQueryEditor.tsx':[
3,
4,
4,
5,
6,
7,
8,
10,
],
'console:src/views/Integrations/Algolia/AlgoliaView.tsx':[
2,
5,
6,
7,
7,
7,
7,
9,
10,
11,
17,
18,
19,
24,
],
'console:src/views/Integrations/Algolia/ConfirmOperationsPopup.tsx':[
2,
],
'console:src/views/Integrations/Algolia/CreateAlgoliaIndex.tsx':[
3,
4,
4,
5,
6,
7,
8,
11,
15,
17,
18,
],
'console:src/views/Integrations/AlgoliaPopup/AlgoliaIndexPopup/AlgoliaIndexPopup.tsx':[
6,
6,
6,
6,
9,
10,
],
'console:src/views/Integrations/AlgoliaPopup/AlgoliaIndexPopup/AlgoliaIndexPopupModels.tsx':[
6,
6,
6,
],
'console:src/views/Integrations/AlgoliaPopup/AlgoliaIndexPopup/AlgoliaIndexPopupQuery.tsx':[
6,
7,
7,
7,
8,
9,
],
'console:src/views/Integrations/AlgoliaPopup/AlgoliaPopup.tsx':[
2,
8,
8,
9,
11,
13,
19,
],
'console:src/views/Integrations/AlgoliaPopup/AlgoliaPopupHeader.tsx':[
2,
6,
6,
7,
8,
9,
10,
],
'console:src/views/Integrations/AlgoliaPopup/AlgoliaPopupIndex.tsx':[
5,
6,
6,
6,
7,
9,
10,
12,
14,
],
'console:src/views/Integrations/AlgoliaPopup/AlgoliaPopupIndexTop.tsx':[
2,
2,
5,
],
'console:src/views/Integrations/AlgoliaPopup/AlgoliaPopupIndexes.tsx':[
3,
4,
5,
6,
6,
7,
9,
11,
],
'console:src/views/Integrations/IntegrationsCard.tsx':[
5,
],
'console:src/views/Integrations/IntegrationsCardGrid.tsx':[
4,
5,
7,
8,
9,
],
'console:src/views/Integrations/IntegrationsHeader.tsx':[
2,
],
'console:src/views/Integrations/IntegrationsView.tsx':[
3,
5,
8,
],
'console:src/views/PermissionsView/PermissionPopup/AffectedFields.tsx':[
3,
3,
5,
5,
7,
9,
10,
11,
],
'console:src/views/PermissionsView/PermissionPopup/OperationChooser.tsx':[
2,
4,
5,
6,
7,
],
'console:src/views/PermissionsView/PermissionPopup/PermissionConditions.tsx':[
2,
6,
8,
8,
8,
8,
8,
8,
9,
9,
11,
12,
13,
17,
19,
20,
21,
22,
],
'console:src/views/PermissionsView/PermissionPopup/PermissionPopup.tsx':[
4,
5,
6,
6,
6,
6,
6,
6,
8,
10,
11,
12,
13,
14,
19,
23,
25,
29,
30,
],
'console:src/views/PermissionsView/PermissionPopup/PermissionPopupFooter.tsx':[
2,
2,
3,
4,
],
'console:src/views/PermissionsView/PermissionPopup/PermissionPopupHeader.tsx':[
2,
3,
6,
],
'console:src/views/PermissionsView/PermissionPopup/PermissionPopupHeaderOld.tsx':[
2,
],
'console:src/views/PermissionsView/PermissionPopup/PermissionPopupState.ts':[
2,
3,
],
'console:src/views/PermissionsView/PermissionPopup/VariableTag.tsx':[
3,
3,
3,
],
'console:src/views/PermissionsView/PermissionPopup/ast.ts':[
4,
4,
],
'console:src/views/PermissionsView/PermissionsHeader/PermissionsHeader.tsx':[
2,
4,
],
'console:src/views/PermissionsView/PermissionsList/ModelPermissions/ModelPermission.tsx':[
3,
3,
4,
6,
7,
10,
],
'console:src/views/PermissionsView/PermissionsList/ModelPermissions/ModelPermissionFields.tsx':[
3,
3,
7,
9,
],
'console:src/views/PermissionsView/PermissionsList/ModelPermissions/ModelPermissionList.tsx':[
4,
4,
],
'console:src/views/PermissionsView/PermissionsList/ModelPermissions/ModelPermissions.tsx':[
3,
],
'console:src/views/PermissionsView/PermissionsList/ModelPermissions/ModelPermissionsHeader.tsx':[
4,
4,
5,
6,
9,
],
'console:src/views/PermissionsView/PermissionsList/ModelPermissions/PermissionField.tsx':[
3,
3,
],
'console:src/views/PermissionsView/PermissionsList/ModelPermissions/PermissionIcon.tsx':[
3,
5,
],
'console:src/views/PermissionsView/PermissionsList/ModelPermissions/PermissionLabel.tsx':[
5,
],
'console:src/views/PermissionsView/PermissionsList/PermissionsList.tsx':[
3,
8,
9,
],
'console:src/views/PermissionsView/PermissionsView.tsx':[
3,
5,
7,
],
'console:src/views/PermissionsView/RelationPermissionPopup/RelationBaseSettings.tsx':[
2,
3,
4,
],
'console:src/views/PermissionsView/RelationPermissionPopup/RelationPermissionPopup.tsx':[
4,
5,
7,
7,
7,
7,
7,
7,
8,
8,
11,
14,
16,
18,
22,
23,
24,
26,
27,
31,
],
'console:src/views/PermissionsView/RelationPermissionPopup/RelationPermissionPopupHeader.tsx':[
2,
3,
],
'console:src/views/PermissionsView/RelationPermissionPopup/RelationPermissionPopupState.ts':[
1,
2,
],
'console:src/views/PermissionsView/RelationPermissionsList/AllRelationPermissionsList.tsx':[
3,
3,
],
'console:src/views/PermissionsView/RelationPermissionsList/RelationPermissions/RelationPermission.tsx':[
3,
3,
3,
3,
4,
6,
7,
9,
],
'console:src/views/PermissionsView/RelationPermissionsList/RelationPermissions/RelationPermissionHeader.tsx':[
2,
3,
4,
],
'console:src/views/PermissionsView/RelationPermissionsList/RelationPermissions/RelationPermissionList.tsx':[
4,
4,
4,
],
'console:src/views/PermissionsView/RelationPermissionsList/RelationPermissions/RelationPermissions.tsx':[
3,
3,
4,
],
'console:src/views/ProjectRootView/AddModelPopup.tsx':[
12,
15,
17,
],
'console:src/views/ProjectRootView/AddProjectPopup.tsx':[
2,
5,
6,
7,
17,
19,
],
'console:src/views/ProjectRootView/CloneProjectPopup.tsx':[
11,
20,
21,
24,
25,
],
'console:src/views/ProjectRootView/EditModelPopup.tsx':[
4,
],
'console:src/views/ProjectRootView/EndpointPopup.tsx':[
4,
7,
8,
],
'console:src/views/ProjectRootView/OnboardSideNav.tsx':[
7,
7,
8,
],
'console:src/views/ProjectRootView/Onboarding/ExampleChooser.tsx':[
3,
],
'console:src/views/ProjectRootView/Onboarding/FinalPopup.tsx':[
2,
6,
7,
8,
],
'console:src/views/ProjectRootView/Onboarding/IntroPopup.tsx':[
2,
4,
],
'console:src/views/ProjectRootView/Onboarding/OnboardingBar.tsx':[
3,
6,
],
'console:src/views/ProjectRootView/Onboarding/OnboardingFinale.tsx':[
2,
3,
3,
],
'console:src/views/ProjectRootView/Onboarding/SelectExample.tsx':[
2,
3,
3,
4,
5,
8,
],
'console:src/views/ProjectRootView/ProjectRootView.tsx':[
9,
10,
12,
14,
16,
17,
18,
20,
20,
20,
21,
22,
26,
28,
30,
31,
32,
33,
34,
35,
36,
],
'console:src/views/ProjectRootView/RootRedirectView.tsx':[
7,
],
'console:src/views/ProjectRootView/SideNav.tsx':[
2,
8,
9,
15,
15,
15,
16,
18,
19,
20,
21,
24,
28,
],
'console:src/views/ProjectRootView/SideNavElement.tsx':[
2,
3,
],
'console:src/views/ProjectSettingsView/AddPermanentAuthTokenRow.tsx':[
3,
4,
],
'console:src/views/ProjectSettingsView/CreateRelationHeaderTab.tsx':[
3,
],
'console:src/views/ProjectSettingsView/PermanentAuthTokenRow.tsx':[
3,
4,
6,
10,
],
'console:src/views/ProjectSettingsView/ProjectSettingsView.tsx':[
4,
5,
5,
6,
18,
],
'console:src/views/RelationsPopup/BreakingChangeIndicator.tsx':[
2,
3,
4,
5,
],
'console:src/views/RelationsPopup/CardinalitySelection.tsx':[
2,
2,
3,
],
'console:src/views/RelationsPopup/ConfirmPopup.tsx':[
2,
],
'console:src/views/RelationsPopup/DefineRelation.tsx':[
2,
3,
4,
4,
],
'console:src/views/RelationsPopup/FieldNameInput.tsx':[
2,
4,
],
'console:src/views/RelationsPopup/ModelSelection.tsx':[
2,
3,
4,
4,
5,
6,
],
'console:src/views/RelationsPopup/ModelSelectionBox.tsx':[
2,
3,
4,
5,
7,
8,
],
'console:src/views/RelationsPopup/MutationsInfoBox.tsx':[
2,
2,
3,
],
'console:src/views/RelationsPopup/RelationFooter.tsx':[
2,
2,
3,
4,
],
'console:src/views/RelationsPopup/RelationHeader.tsx':[
2,
3,
4,
5,
],
'console:src/views/RelationsPopup/RelationInfo.tsx':[
2,
2,
3,
3,
3,
4,
],
'console:src/views/RelationsPopup/RelationPopup.tsx':[
3,
4,
4,
4,
4,
5,
6,
8,
9,
10,
13,
14,
16,
20,
22,
23,
],
'console:src/views/RelationsPopup/SetMutation.tsx':[
2,
2,
3,
4,
7,
],
'console:src/views/RootView/RootView.tsx':[
2,
6,
7,
8,
9,
],
'console:src/views/SchemaView/EnumsOverview/AddEnum.tsx':[
2,
2,
2,
2,
7,
8,
11,
12,
13,
14,
16,
17,
18,
],
'console:src/views/SchemaView/EnumsOverview/ConfirmEnum.tsx':[
2,
],
'console:src/views/SchemaView/EnumsOverview/EnumBox.tsx':[
2,
3,
4,
5,
6,
7,
8,
11,
12,
13,
15,
17,
],
'console:src/views/SchemaView/EnumsOverview/EnumEditor.tsx':[
2,
],
'console:src/views/SchemaView/EnumsOverview/EnumList.tsx':[
2,
2,
2,
4,
5,
],
'console:src/views/SchemaView/EnumsOverview/EnumsOverview.tsx':[
2,
5,
5,
6,
7,
],
'console:src/views/SchemaView/EnumsOverview/EnumsOverviewHeader.tsx':[
2,
],
'console:src/views/SchemaView/MigrationMessages.tsx':[
2,
2,
],
'console:src/views/SchemaView/SchemaEditor.tsx':[
4,
6,
7,
9,
13,
15,
],
'console:src/views/SchemaView/SchemaHeader.tsx':[
2,
3,
4,
5,
6,
],
'console:src/views/SchemaView/SchemaOverview/AddType.tsx':[
2,
3,
3,
3,
8,
9,
15,
16,
17,
21,
],
'console:src/views/SchemaView/SchemaOverview/ConfirmModel.tsx':[
2,
],
'console:src/views/SchemaView/SchemaOverview/FieldItem.tsx':[
2,
2,
3,
5,
7,
8,
],
'console:src/views/SchemaView/SchemaOverview/PermissionsTag.tsx':[
2,
4,
5,
],
'console:src/views/SchemaView/SchemaOverview/SchemaOverview.tsx':[
2,
5,
5,
6,
7,
],
'console:src/views/SchemaView/SchemaOverview/SchemaOverviewHeader.tsx':[
2,
3,
],
'console:src/views/SchemaView/SchemaOverview/TypeBox.tsx':[
2,
4,
5,
6,
8,
10,
13,
14,
18,
],
'console:src/views/SchemaView/SchemaOverview/TypeBoxSettings.tsx':[
2,
3,
],
'console:src/views/SchemaView/SchemaOverview/TypeList.tsx':[
2,
2,
3,
5,
6,
],
'console:src/views/SchemaView/SchemaOverview/TypeTag.tsx':[
2,
4,
],
'console:src/views/SchemaView/SchemaView.tsx':[
4,
6,
6,
7,
],
'console:src/views/SchemaView/SchemaViewer.tsx':[
2,
5,
7,
8,
],
'console:src/views/Settings/Authentication/Authentication.tsx':[
2,
],
'console:src/views/Settings/Authentication/TokenRow.tsx':[
2,
3,
4,
],
'console:src/views/Settings/Authentication/Tokens.tsx':[
2,
3,
6,
8,
],
'console:src/views/Settings/Billing/Billing.tsx':[
2,
3,
4,
7,
7,
9,
9,
11,
12,
],
'console:src/views/Settings/Billing/ChangePricingPlan.tsx':[
2,
3,
4,
6,
],
'console:src/views/Settings/Billing/ConfirmPricingPlan.tsx':[
2,
3,
5,
8,
],
'console:src/views/Settings/Billing/CreditCardFront.tsx':[
2,
],
'console:src/views/Settings/Billing/CreditCardInformation.tsx':[
2,
3,
4,
],
'console:src/views/Settings/Billing/CreditCardInputSection.tsx':[
2,
2,
3,
4,
5,
8,
8,
9,
12,
],
'console:src/views/Settings/Billing/CurrentPlan.tsx':[
2,
3,
],
'console:src/views/Settings/Billing/EditCreditCard.tsx':[
2,
3,
4,
5,
],
'console:src/views/Settings/Billing/NodeUsageIndicator.tsx':[
2,
3,
],
'console:src/views/Settings/Billing/RequestUsageIndicator.tsx':[
2,
2,
4,
],
'console:src/views/Settings/Billing/Usage.tsx':[
2,
3,
4,
7,
],
'console:src/views/Settings/Billing/billing_info.ts':[
1,
1,
],
'console:src/views/Settings/Export/Export.tsx':[
4,
12,
],
'console:src/views/Settings/Export/FoldableCodeMirror.tsx':[
2,
],
'console:src/views/Settings/General/DangerZone.tsx':[
7,
7,
11,
],
'console:src/views/Settings/General/General.tsx':[
2,
],
'console:src/views/Settings/General/ProjectInfo.tsx':[
3,
4,
5,
8,
12,
13,
],
'console:src/views/Settings/PricingColumn.tsx':[
2,
4,
],
'console:src/views/Settings/Settings.tsx':[
2,
3,
4,
],
'console:src/views/Settings/TabBar.tsx':[
2,
],
'console:src/views/Settings/Team/EmptyRow.tsx':[
4,
7,
],
'console:src/views/Settings/Team/MemberRow.tsx':[
2,
3,
],
'console:src/views/Settings/Team/Team.tsx':[
3,
3,
4,
5,
7,
],
'console:src/views/ShowRoom/ShowRoom.tsx':[
4,
5,
],
'console:src/views/account/AccountView/AccountView.tsx':[
3,
3,
],
'console:src/views/account/AccountView/SettingsTab.tsx':[
5,
9,
],
'console:src/views/account/ResetPasswordView/ResetPasswordView.tsx':[
4,
5,
],
'console:src/views/models/AuthProviderPopup/AuthProviderPopup.tsx':[
4,
7,
7,
10,
],
'console:src/views/models/AuthProviderPopup/AuthProviderSidePanel.tsx':[
4,
10,
10,
10,
10,
10,
11,
],
'console:src/views/models/DatabrowserView/AddFieldCell.tsx':[
2,
],
'console:src/views/models/DatabrowserView/Cell.tsx':[
6,
7,
9,
10,
10,
11,
14,
18,
18,
19,
],
'console:src/views/models/DatabrowserView/Cell/BooleanCell.tsx':[
2,
3,
],
'console:src/views/models/DatabrowserView/Cell/DateTimeCell.tsx':[
2,
3,
4,
],
'console:src/views/models/DatabrowserView/Cell/DefaultCell.tsx':[
2,
],
'console:src/views/models/DatabrowserView/Cell/EnumCell.tsx':[
2,
4,
6,
],
'console:src/views/models/DatabrowserView/Cell/FloatCell.tsx':[
2,
2,
],
'console:src/views/models/DatabrowserView/Cell/IntCell.tsx':[
2,
2,
3,
],
'console:src/views/models/DatabrowserView/Cell/JsonCell.tsx':[
2,
],
'console:src/views/models/DatabrowserView/Cell/ScalarListCell.tsx':[
2,
3,
4,
6,
8,
10,
],
'console:src/views/models/DatabrowserView/Cell/SelectNodesCell/SearchBox.tsx':[
3,
],
'console:src/views/models/DatabrowserView/Cell/SelectNodesCell/SelectNodesCell.tsx':[
4,
5,
7,
10,
10,
14,
15,
16,
],
'console:src/views/models/DatabrowserView/Cell/SelectNodesCell/SelectNodesCellFooter.tsx':[
2,
],
'console:src/views/models/DatabrowserView/Cell/SelectNodesCell/Table/Table.tsx':[
2,
2,
2,
3,
7,
],
'console:src/views/models/DatabrowserView/Cell/SelectNodesCell/Table/headerRenderer.tsx':[
2,
],
'console:src/views/models/DatabrowserView/Cell/StringCell.tsx':[
2,
],
'console:src/views/models/DatabrowserView/Cell/__tests__/BooleanCell.tsx':[
2,
5,
6,
],
'console:src/views/models/DatabrowserView/Cell/__tests__/DateTimeCell.tsx':[
2,
5,
6,
],
'console:src/views/models/DatabrowserView/Cell/__tests__/DefaultCell.tsx':[
2,
5,
6,
],
'console:src/views/models/DatabrowserView/Cell/__tests__/EnumCell.tsx':[
2,
5,
6,
],
'console:src/views/models/DatabrowserView/Cell/__tests__/FloatCell.tsx':[
2,
5,
6,
],
'console:src/views/models/DatabrowserView/Cell/__tests__/IntCell.tsx':[
2,
5,
6,
],
'console:src/views/models/DatabrowserView/Cell/__tests__/JsonCell.tsx':[
2,
5,
6,
],
'console:src/views/models/DatabrowserView/Cell/__tests__/NullableCell.tsx':[
2,
5,
6,
],
'console:src/views/models/DatabrowserView/Cell/__tests__/ScalarListCell.tsx':[
2,
5,
6,
],
'console:src/views/models/DatabrowserView/Cell/__tests__/StringCell.tsx':[
2,
5,
6,
],
'console:src/views/models/DatabrowserView/Cell/cellgenerator.tsx':[
1,
3,
4,
5,
6,
7,
8,
9,
10,
11,
12,
14,
15,
16,
],
'console:src/views/models/DatabrowserView/Cell/cells.ts':[
1,
2,
],
'console:src/views/models/DatabrowserView/DataActionRow.tsx':[
3,
3,
5,
6,
],
'console:src/views/models/DatabrowserView/DataActionRow/DeleteNodeRow.tsx':[
3,
5,
],
'console:src/views/models/DatabrowserView/DataActionRow/NewNodeRow.tsx':[
3,
3,
4,
5,
6,
7,
8,
],
'console:src/views/models/DatabrowserView/DatabrowserView.tsx':[
15,
16,
17,
19,
21,
21,
24,
25,
27,
27,
27,
27,
27,
27,
30,
32,
33,
35,
40,
40,
40,
44,
47,
51,
],
'console:src/views/models/DatabrowserView/HeaderCell.tsx':[
3,
4,
7,
12,
14,
],
'console:src/views/models/DatabrowserView/LightCell.tsx':[
6,
8,
],
'console:src/views/models/DatabrowserView/NewRow.tsx':[
6,
7,
7,
9,
10,
10,
10,
12,
14,
16,
18,
],
'console:src/views/models/DatabrowserView/NewRowInactive.tsx':[
4,
4,
5,
9,
10,
],
'console:src/views/models/DatabrowserView/RelationsPopup.tsx':[
4,
4,
7,
9,
14,
15,
15,
],
'console:src/views/models/DatabrowserView/__tests__/Cell.tsx':[
2,
5,
],
'console:src/views/models/FieldPopup/AdvancedSettings.tsx':[
2,
3,
4,
5,
6,
7,
8,
9,
],
'console:src/views/models/FieldPopup/BaseSettings.tsx':[
2,
3,
5,
6,
7,
7,
8,
9,
10,
11,
12,
13,
],
'console:src/views/models/FieldPopup/ConfirmFieldPopup.tsx':[
2,
3,
],
'console:src/views/models/FieldPopup/Constraints.tsx':[
2,
3,
4,
4,
],
'console:src/views/models/FieldPopup/EditValueInput.tsx':[
2,
3,
3,
4,
5,
],
'console:src/views/models/FieldPopup/ErrorInfo.tsx':[
2,
],
'console:src/views/models/FieldPopup/FieldLabel.tsx':[
2,
3,
4,
5,
],
'console:src/views/models/FieldPopup/FieldPopup.tsx':[
2,
4,
5,
6,
6,
6,
6,
6,
7,
7,
8,
9,
10,
11,
42,
44,
45,
47,
],
'console:src/views/models/FieldPopup/FieldPopupFooter.tsx':[
2,
2,
3,
4,
5,
6,
],
'console:src/views/models/FieldPopup/FieldPopupHeader.tsx':[
2,
3,
],
'console:src/views/models/FieldPopup/FieldPopupState.ts':[
1,
1,
1,
1,
2,
3,
],
'console:src/views/models/FieldPopup/OptionInput.tsx':[
2,
],
'console:src/views/models/FieldPopup/constants.ts':[
1,
1,
],
'console:src/views/models/ModelDescription.tsx':[
3,
6,
7,
],
'console:src/views/models/ModelHeader.tsx':[
8,
10,
10,
10,
11,
12,
13,
14,
19,
21,
27,
],
'console:src/views/models/ModelModal.tsx':[
2,
4,
5,
],
'console:src/views/models/ModelRedirectView.tsx':[
4,
6,
],
'console:src/views/models/utils.ts':[
2,
2,
3,
3,
3,
6,
],
'console:src/views/playground/PlaygroundView/CodeGenerationPopup/CodeGenerationPopup.tsx':[
7,
8,
9,
10,
11,
],
'console:src/views/playground/PlaygroundView/CodeGenerationPopup/CodeGenerationPopupCode.tsx':[
4,
6,
6,
],
'console:src/views/playground/PlaygroundView/PlaygroundView.tsx':[
3,
4,
7,
8,
8,
8,
9,
12,
13,
17,
18,
21,
22,
23,
25,
26,
29,
],
}
