{
'ant-design:components/alert/index.tsx':[
3,
4,
],
'ant-design:components/anchor/AnchorLink.tsx':[
4,
],
'ant-design:components/anchor/index.tsx':[
6,
],
'ant-design:components/auto-complete/index.tsx':[
4,
4,
4,
4,
4,
5,
6,
],
'ant-design:components/back-top/index.tsx':[
2,
6,
],
'ant-design:components/badge/index.tsx':[
3,
4,
],
'ant-design:components/breadcrumb/Breadcrumb.tsx':[
5,
],
'ant-design:components/button/button.tsx':[
5,
],
'ant-design:components/calendar/Header.tsx':[
2,
5,
5,
],
'ant-design:components/calendar/index.tsx':[
4,
6,
],
'ant-design:components/carousel/index.tsx':[
20,
],
'ant-design:components/cascader/index.tsx':[
2,
7,
8,
],
'ant-design:components/checkbox/Checkbox.tsx':[
4,
],
'ant-design:components/checkbox/Group.tsx':[
5,
],
'ant-design:components/date-picker/Calendar.tsx':[
3,
],
'ant-design:components/date-picker/RangePicker.tsx':[
4,
5,
8,
],
'ant-design:components/date-picker/createPicker.tsx':[
5,
9,
],
'ant-design:components/date-picker/index.tsx':[
2,
10,
],
'ant-design:components/date-picker/wrapPicker.tsx':[
3,
],
'ant-design:components/dropdown/dropdown-button.tsx':[
3,
4,
],
'ant-design:components/dropdown/dropdown.tsx':[
2,
],
'ant-design:components/form/FormItem.tsx':[
5,
6,
6,
7,
],
'ant-design:components/input-number/index.tsx':[
3,
],
'ant-design:components/input/Search.tsx':[
3,
3,
4,
],
'ant-design:components/layout/Sider.tsx':[
20,
],
'ant-design:components/mention/index.tsx':[
2,
5,
],
'ant-design:components/menu/index.tsx':[
2,
],
'ant-design:components/message/index.tsx':[
3,
],
'ant-design:components/modal/ActionButton.tsx':[
3,
],
'ant-design:components/modal/Modal.tsx':[
2,
5,
],
'ant-design:components/modal/confirm.tsx':[
5,
6,
7,
],
'ant-design:components/notification/index.tsx':[
3,
],
'ant-design:components/pagination/MiniSelect.tsx':[
2,
],
'ant-design:components/pagination/Pagination.tsx':[
2,
],
'ant-design:components/popconfirm/index.tsx':[
2,
2,
3,
4,
],
'ant-design:components/popover/index.tsx':[
3,
4,
],
'ant-design:components/progress/progress.tsx':[
3,
4,
],
'ant-design:components/radio/group.tsx':[
5,
6,
],
'ant-design:components/radio/radio.tsx':[
3,
6,
],
'ant-design:components/radio/radioButton.tsx':[
3,
4,
],
'ant-design:components/rate/index.tsx':[
3,
4,
],
'ant-design:components/select/index.tsx':[
3,
],
'ant-design:components/slider/index.tsx':[
2,
3,
4,
5,
],
'ant-design:components/spin/index.tsx':[
5,
],
'ant-design:components/switch/index.tsx':[
3,
],
'ant-design:components/table/SelectionBox.tsx':[
2,
3,
4,
],
'ant-design:components/table/SelectionCheckboxAll.tsx':[
2,
3,
4,
5,
6,
],
'ant-design:components/table/Table.tsx':[
2,
6,
6,
7,
8,
8,
10,
11,
12,
13,
13,
14,
],
'ant-design:components/table/filterDropdown.tsx':[
3,
3,
3,
6,
7,
8,
9,
10,
],
'ant-design:components/tabs/index.tsx':[
3,
4,
5,
7,
],
'ant-design:components/tag/index.tsx':[
3,
7,
],
'ant-design:components/time-picker/index.tsx':[
3,
],
'ant-design:components/timeline/Timeline.tsx':[
3,
],
'ant-design:components/tooltip/index.tsx':[
3,
],
'ant-design:components/transfer/index.tsx':[
4,
],
'ant-design:components/transfer/item.tsx':[
5,
6,
],
'ant-design:components/transfer/list.tsx':[
4,
7,
8,
9,
10,
],
'ant-design:components/transfer/operation.tsx':[
2,
3,
],
'ant-design:components/transfer/search.tsx':[
2,
3,
],
'ant-design:components/tree-select/index.tsx':[
2,
],
'ant-design:components/tree-select/interface.tsx':[
2,
],
'ant-design:components/tree/index.tsx':[
2,
],
'ant-design:components/upload/Dragger.tsx':[
2,
3,
],
'ant-design:components/upload/Upload.tsx':[
2,
7,
8,
],
'ant-design:components/upload/UploadList.tsx':[
2,
3,
4,
5,
7,
],
}
