{
'emission:src/lib/app_registry.tsx':[
3,
4,
6,
7,
],
'emission:src/lib/components/__tests__/separator-tests.tsx':[
4,
],
'emission:src/lib/components/__tests__/tab_view-tests.tsx':[
5,
],
'emission:src/lib/components/artist/__stories__/artist_articles.story.tsx':[
3,
4,
],
'emission:src/lib/components/artist/__stories__/artist_header.story.tsx':[
3,
4,
5,
],
'emission:src/lib/components/artist/__tests__/about-tests.tsx':[
6,
],
'emission:src/lib/components/artist/__tests__/articles-tests.tsx':[
6,
],
'emission:src/lib/components/artist/__tests__/artworks-tests.tsx':[
6,
],
'emission:src/lib/components/artist/__tests__/biography-tests.tsx':[
6,
],
'emission:src/lib/components/artist/__tests__/header-tests.tsx':[
6,
],
'emission:src/lib/components/artist/about.tsx':[
4,
4,
6,
8,
],
'emission:src/lib/components/artist/articles/__tests__/article-tests.tsx':[
6,
],
'emission:src/lib/components/artist/articles/article.tsx':[
6,
7,
8,
9,
10,
11,
15,
],
'emission:src/lib/components/artist/articles/index.tsx':[
2,
2,
2,
5,
],
'emission:src/lib/components/artist/artworks/index.tsx':[
2,
2,
6,
7,
],
'emission:src/lib/components/artist/biography.tsx':[
2,
2,
7,
8,
],
'emission:src/lib/components/artist/header.tsx':[
8,
9,
10,
17,
18,
19,
],
'emission:src/lib/components/artist/shows/__tests__/metadata-tests.tsx':[
6,
],
'emission:src/lib/components/artist/shows/__tests__/show-tests.tsx':[
6,
],
'emission:src/lib/components/artist/shows/__tests__/small-list-tests.tsx':[
6,
],
'emission:src/lib/components/artist/shows/__tests__/variable_size_shows_list_tests.tsx':[
5,
],
'emission:src/lib/components/artist/shows/index.tsx':[
7,
8,
9,
10,
13,
14,
],
'emission:src/lib/components/artist/shows/metadata.tsx':[
6,
7,
8,
9,
10,
14,
],
'emission:src/lib/components/artist/shows/show.tsx':[
2,
2,
2,
6,
],
'emission:src/lib/components/artist/shows/small_list.tsx':[
2,
2,
2,
],
'emission:src/lib/components/artist/shows/variable_size_shows_list.tsx':[
5,
7,
8,
9,
],
'emission:src/lib/components/artwork_grids/__tests__/artwork-tests.tsx':[
6,
],
'emission:src/lib/components/artwork_grids/__tests__/generic-grid-tests.tsx':[
5,
],
'emission:src/lib/components/artwork_grids/__tests__/infinite_scroll_grid-tests.tsx':[
6,
],
'emission:src/lib/components/artwork_grids/artwork.tsx':[
3,
3,
3,
8,
9,
],
'emission:src/lib/components/artwork_grids/generic_grid.tsx':[
5,
7,
8,
],
'emission:src/lib/components/artwork_grids/infinite_scroll_grid.tsx':[
10,
14,
15,
17,
18,
21,
22,
24,
25,
],
'emission:src/lib/components/artwork_grids/relay_connections/__tests__/artist_artworks_grid-tests.tsx':[
7,
],
'emission:src/lib/components/artwork_grids/relay_connections/__tests__/gene_artworks_grid-tests.tsx':[
7,
],
'emission:src/lib/components/buttons/__stories__/buttons.story.tsx':[
3,
5,
6,
8,
9,
10,
],
'emission:src/lib/components/buttons/__tests__/flat-white-tests.tsx':[
6,
],
'emission:src/lib/components/buttons/__tests__/inverted-button-tests.tsx':[
6,
],
'emission:src/lib/components/buttons/__tests__/navigation-button-tests.tsx':[
6,
],
'emission:src/lib/components/buttons/flat_white.tsx':[
2,
2,
],
'emission:src/lib/components/buttons/inverted_button.tsx':[
2,
5,
],
'emission:src/lib/components/buttons/navigation_button.tsx':[
2,
2,
2,
2,
5,
],
'emission:src/lib/components/gene/__tests__/about-tests.tsx':[
7,
],
'emission:src/lib/components/gene/__tests__/artworks-tests.tsx':[
6,
],
'emission:src/lib/components/gene/__tests__/biography-tests.tsx':[
6,
],
'emission:src/lib/components/gene/__tests__/header-tests.tsx':[
6,
],
'emission:src/lib/components/gene/about.tsx':[
6,
7,
13,
],
'emission:src/lib/components/gene/artworks.tsx':[
2,
],
'emission:src/lib/components/gene/biography.tsx':[
8,
9,
12,
],
'emission:src/lib/components/gene/header.tsx':[
8,
9,
10,
11,
17,
18,
],
'emission:src/lib/components/home/artist_rails/artist_card.tsx':[
5,
8,
9,
10,
11,
12,
13,
20,
21,
],
'emission:src/lib/components/home/artist_rails/artist_rail.tsx':[
7,
9,
10,
11,
16,
17,
18,
19,
19,
],
'emission:src/lib/components/home/artwork_rails/artwork_rail.tsx':[
7,
8,
11,
12,
13,
14,
15,
16,
22,
23,
],
'emission:src/lib/components/home/artwork_rails/artwork_rail_header.tsx':[
8,
9,
10,
11,
12,
13,
20,
21,
22,
],
'emission:src/lib/components/home/hero_units.tsx':[
5,
6,
7,
8,
9,
13,
14,
],
'emission:src/lib/components/home/search_bar.tsx':[
5,
7,
8,
9,
10,
11,
],
'emission:src/lib/components/home/section_title.tsx':[
6,
],
'emission:src/lib/components/opaque_image_view.tsx':[
5,
],
'emission:src/lib/components/related_artists/__tests__/layout-tests.tsx':[
5,
],
'emission:src/lib/components/related_artists/index.tsx':[
5,
7,
8,
9,
10,
13,
],
'emission:src/lib/components/related_artists/related_artist.tsx':[
6,
7,
8,
9,
14,
],
'emission:src/lib/components/separator.tsx':[
2,
2,
],
'emission:src/lib/components/spinner.tsx':[
2,
2,
],
'emission:src/lib/components/switch_view.tsx':[
3,
4,
6,
],
'emission:src/lib/components/tab_view.tsx':[
2,
2,
4,
4,
],
'emission:src/lib/components/text/headline.tsx':[
2,
2,
],
'emission:src/lib/components/text/serif.tsx':[
2,
2,
],
'emission:src/lib/components/works_for_you/__tests__/notifications-tests.tsx':[
3,
6,
],
'emission:src/lib/components/works_for_you/notification.tsx':[
2,
2,
2,
2,
2,
2,
7,
8,
],
'emission:src/lib/containers/__stories__/artist.story.tsx':[
3,
],
'emission:src/lib/containers/__stories__/gene.story.tsx':[
3,
],
'emission:src/lib/containers/__stories__/my_account.story.tsx':[
3,
],
'emission:src/lib/containers/__tests__/gene-tests.tsx':[
2,
3,
],
'emission:src/lib/containers/__tests__/my_account-tests.tsx':[
4,
],
'emission:src/lib/containers/artist.tsx':[
6,
8,
9,
10,
19,
20,
],
'emission:src/lib/containers/gene.tsx':[
3,
9,
10,
11,
14,
15,
16,
23,
23,
],
'emission:src/lib/containers/home.tsx':[
6,
7,
8,
9,
10,
16,
],
'emission:src/lib/containers/my_account.tsx':[
6,
8,
9,
10,
13,
15,
16,
],
'emission:src/lib/containers/works_for_you.tsx':[
6,
8,
10,
12,
13,
14,
15,
21,
22,
],
'emission:src/lib/native_modules/refine_callback.tsx':[
2,
],
}
