{
'ag-grid:src/ts/baseFrameworkFactory.ts':[
1,
1,
1,
2,
3,
4,
5,
6,
7,
],
'ag-grid:src/ts/cellNavigationService.ts':[
3,
4,
5,
8,
9,
],
'ag-grid:src/ts/columnChangeEvent.ts':[
2,
3,
4,
],
'ag-grid:src/ts/columnController/autoGroupColService.ts':[
1,
3,
],
'ag-grid:src/ts/columnController/balancedColumnTreeBuilder.ts':[
1,
2,
2,
3,
4,
6,
8,
9,
14,
15,
],
'ag-grid:src/ts/columnController/columnController.ts':[
4,
4,
4,
4,
5,
6,
7,
8,
9,
10,
11,
12,
13,
14,
14,
19,
20,
21,
22,
23,
],
'ag-grid:src/ts/columnController/columnUtils.ts':[
1,
2,
3,
5,
7,
9,
],
'ag-grid:src/ts/columnController/displayedGroupCreator.ts':[
1,
2,
3,
4,
5,
8,
],
'ag-grid:src/ts/componentProvider.ts':[
1,
2,
2,
3,
4,
5,
5,
6,
6,
7,
7,
11,
12,
16,
18,
20,
20,
23,
24,
25,
26,
],
'ag-grid:src/ts/components/agGridNg1.ts':[
1,
],
'ag-grid:src/ts/components/agGridWebComponent.ts':[
2,
],
'ag-grid:src/ts/components/componentUtil.ts':[
1,
2,
5,
],
'ag-grid:src/ts/context/beanStub.ts':[
2,
],
'ag-grid:src/ts/context/context.ts':[
2,
3,
],
'ag-grid:src/ts/csvCreator.ts':[
2,
2,
2,
3,
4,
5,
6,
7,
8,
9,
9,
9,
],
'ag-grid:src/ts/dragAndDrop/dragAndDropService.ts':[
1,
1,
3,
5,
7,
7,
8,
],
'ag-grid:src/ts/dragAndDrop/dragService.ts':[
1,
2,
2,
4,
6,
],
'ag-grid:src/ts/entities/colDef.ts':[
1,
2,
3,
3,
3,
4,
5,
6,
7,
8,
8,
9,
10,
],
'ag-grid:src/ts/entities/column.ts':[
1,
2,
4,
5,
6,
7,
8,
13,
14,
15,
16,
16,
16,
17,
18,
19,
],
'ag-grid:src/ts/entities/columnGroup.ts':[
1,
2,
4,
5,
8,
],
'ag-grid:src/ts/entities/columnGroupChild.ts':[
1,
2,
],
'ag-grid:src/ts/entities/gridCell.ts':[
1,
],
'ag-grid:src/ts/entities/gridOptions.ts':[
1,
2,
3,
4,
5,
6,
6,
7,
7,
7,
8,
9,
10,
11,
12,
12,
],
'ag-grid:src/ts/entities/gridRow.ts':[
3,
4,
],
'ag-grid:src/ts/entities/originalColumnGroup.ts':[
1,
2,
6,
],
'ag-grid:src/ts/entities/rowNode.ts':[
3,
4,
5,
6,
7,
8,
9,
10,
13,
14,
14,
15,
],
'ag-grid:src/ts/eventService.ts':[
2,
3,
7,
],
'ag-grid:src/ts/events.ts':[
1,
2,
3,
4,
5,
],
'ag-grid:src/ts/exportParams.ts':[
1,
2,
3,
4,
5,
],
'ag-grid:src/ts/expressionService.ts':[
1,
1,
],
'ag-grid:src/ts/filter/baseFilter.ts':[
2,
2,
2,
4,
5,
8,
8,
8,
9,
],
'ag-grid:src/ts/filter/dateFilter.ts':[
1,
1,
3,
3,
6,
8,
],
'ag-grid:src/ts/filter/filter.ts':[
1,
],
'ag-grid:src/ts/filter/filterManager.ts':[
2,
3,
4,
5,
6,
7,
10,
11,
12,
14,
14,
14,
14,
15,
17,
],
'ag-grid:src/ts/filter/floatingFilter.ts':[
2,
3,
4,
5,
8,
8,
9,
12,
],
'ag-grid:src/ts/filter/floatingFilterWrapper.ts':[
1,
2,
6,
6,
6,
9,
],
'ag-grid:src/ts/filter/numberFilter.ts':[
2,
2,
4,
4,
],
'ag-grid:src/ts/filter/textFilter.ts':[
2,
2,
2,
],
'ag-grid:src/ts/focusedCellController.ts':[
2,
3,
5,
6,
7,
11,
],
'ag-grid:src/ts/functions.ts':[
1,
],
'ag-grid:src/ts/grid.ts':[
1,
48,
],
'ag-grid:src/ts/gridApi.ts':[
1,
2,
3,
4,
5,
6,
8,
9,
10,
11,
12,
13,
13,
13,
14,
16,
17,
18,
19,
20,
21,
22,
22,
22,
23,
24,
25,
27,
28,
29,
30,
31,
32,
33,
34,
35,
35,
36,
36,
37,
38,
39,
40,
],
'ag-grid:src/ts/gridCore.ts':[
2,
3,
4,
5,
6,
7,
8,
9,
9,
11,
15,
16,
17,
19,
20,
],
'ag-grid:src/ts/gridOptionsWrapper.ts':[
1,
3,
4,
5,
6,
7,
8,
9,
10,
15,
16,
16,
16,
18,
18,
20,
21,
21,
22,
23,
24,
25,
26,
26,
],
'ag-grid:src/ts/gridPanel/gridPanel.ts':[
2,
4,
5,
5,
6,
8,
8,
10,
12,
13,
13,
14,
15,
15,
16,
17,
18,
19,
20,
21,
22,
23,
23,
25,
26,
28,
29,
30,
],
'ag-grid:src/ts/gridPanel/mouseEventService.ts':[
4,
5,
6,
],
'ag-grid:src/ts/gridPanel/scrollVisibleService.ts':[
3,
5,
],
'ag-grid:src/ts/gridSerializer.ts':[
1,
3,
5,
6,
7,
9,
10,
11,
12,
14,
15,
16,
17,
18,
20,
21,
23,
25,
],
'ag-grid:src/ts/headerRendering/bodyDropPivotTarget.ts':[
2,
3,
4,
6,
],
'ag-grid:src/ts/headerRendering/bodyDropTarget.ts':[
2,
2,
2,
3,
6,
8,
],
'ag-grid:src/ts/headerRendering/cssClassApplier.ts':[
1,
2,
4,
5,
6,
],
'ag-grid:src/ts/headerRendering/deprecated/headerTemplateLoader.ts':[
3,
4,
],
'ag-grid:src/ts/headerRendering/deprecated/renderedHeaderCell.ts':[
3,
4,
5,
6,
7,
8,
9,
10,
12,
12,
12,
13,
],
'ag-grid:src/ts/headerRendering/header/headerComp.ts':[
5,
6,
7,
9,
11,
14,
15,
],
'ag-grid:src/ts/headerRendering/header/headerWrapperComp.ts':[
2,
5,
5,
5,
6,
6,
7,
7,
8,
9,
12,
13,
14,
15,
16,
17,
18,
22,
],
'ag-grid:src/ts/headerRendering/header/selectAllFeature.ts':[
5,
6,
8,
9,
11,
12,
13,
14,
],
'ag-grid:src/ts/headerRendering/headerContainer.ts':[
2,
3,
4,
4,
5,
6,
7,
12,
13,
],
'ag-grid:src/ts/headerRendering/headerGroup/headerGroupComp.ts':[
3,
6,
7,
7,
8,
9,
10,
11,
11,
13,
15,
],
'ag-grid:src/ts/headerRendering/headerGroup/headerGroupWrapperComp.ts':[
6,
6,
7,
8,
9,
11,
11,
11,
13,
13,
14,
15,
16,
],
'ag-grid:src/ts/headerRendering/headerRenderer.ts':[
1,
2,
3,
5,
7,
9,
10,
],
'ag-grid:src/ts/headerRendering/headerRowComp.ts':[
2,
4,
6,
8,
10,
15,
16,
17,
18,
19,
20,
20,
],
'ag-grid:src/ts/headerRendering/horizontalDragService.ts':[
1,
2,
4,
],
'ag-grid:src/ts/headerRendering/moveColumnController.ts':[
2,
2,
3,
6,
7,
8,
9,
],
'ag-grid:src/ts/headerRendering/standardMenu.ts':[
2,
3,
4,
6,
7,
8,
9,
],
'ag-grid:src/ts/interfaces/iAggFuncService.ts':[
1,
2,
],
'ag-grid:src/ts/interfaces/iClipboardService.ts':[
1,
2,
],
'ag-grid:src/ts/interfaces/iCompFactory.ts':[
1,
],
'ag-grid:src/ts/interfaces/iContextMenuFactory.ts':[
1,
2,
],
'ag-grid:src/ts/interfaces/iEnterpriseRowModel.ts':[
2,
],
'ag-grid:src/ts/interfaces/iExcelCreator.ts':[
1,
1,
],
'ag-grid:src/ts/interfaces/iFilter.ts':[
1,
2,
3,
4,
5,
6,
],
'ag-grid:src/ts/interfaces/iFrameworkFactory.ts':[
1,
2,
2,
2,
3,
4,
4,
5,
],
'ag-grid:src/ts/interfaces/iInMemoryRowModel.ts':[
1,
2,
],
'ag-grid:src/ts/interfaces/iMenuFactory.ts':[
1,
],
'ag-grid:src/ts/interfaces/iRangeController.ts':[
1,
2,
3,
],
'ag-grid:src/ts/interfaces/iRowModel.ts':[
1,
],
'ag-grid:src/ts/interfaces/iRowNodeStage.ts':[
1,
],
'ag-grid:src/ts/interfaces/iSetFilterParams.ts':[
1,
2,
2,
],
'ag-grid:src/ts/interfaces/iViewportDatasource.ts':[
1,
],
'ag-grid:src/ts/logger.ts':[
1,
],
'ag-grid:src/ts/masterSlaveService.ts':[
1,
2,
3,
4,
5,
6,
8,
9,
10,
11,
],
'ag-grid:src/ts/misc/focusService.ts':[
3,
4,
5,
6,
],
'ag-grid:src/ts/rendering/autoWidthCalculator.ts':[
1,
2,
3,
5,
7,
9,
10,
12,
],
'ag-grid:src/ts/rendering/cellEditorFactory.ts':[
1,
3,
3,
9,
],
'ag-grid:src/ts/rendering/cellEditors/iCellEditor.ts':[
1,
2,
3,
4,
5,
],
'ag-grid:src/ts/rendering/cellEditors/largeTextCellEditor.ts':[
1,
2,
4,
5,
],
'ag-grid:src/ts/rendering/cellEditors/popupEditorWrapper.ts':[
2,
2,
],
'ag-grid:src/ts/rendering/cellEditors/selectCellEditor.ts':[
2,
],
'ag-grid:src/ts/rendering/cellEditors/textCellEditor.ts':[
3,
3,
],
'ag-grid:src/ts/rendering/cellRendererFactory.ts':[
3,
3,
4,
5,
6,
],
'ag-grid:src/ts/rendering/cellRendererService.ts':[
2,
2,
2,
2,
3,
4,
],
'ag-grid:src/ts/rendering/cellRenderers/animateShowChangeCellRenderer.ts':[
1,
],
'ag-grid:src/ts/rendering/cellRenderers/animateSlideCellRenderer.ts':[
2,
],
'ag-grid:src/ts/rendering/cellRenderers/groupCellRenderer.ts':[
3,
4,
5,
9,
11,
13,
14,
15,
17,
19,
],
'ag-grid:src/ts/rendering/cellRenderers/iCellRenderer.ts':[
1,
2,
3,
4,
5,
6,
],
'ag-grid:src/ts/rendering/checkboxSelectionComponent.ts':[
5,
6,
8,
10,
11,
12,
],
'ag-grid:src/ts/rendering/columnAnimationService.ts':[
2,
3,
],
'ag-grid:src/ts/rendering/columnHoverService.ts':[
1,
3,
4,
],
'ag-grid:src/ts/rendering/dateComponent.ts':[
1,
],
'ag-grid:src/ts/rendering/features/setLeftFeature.ts':[
2,
7,
8,
],
'ag-grid:src/ts/rendering/renderedCell.ts':[
4,
5,
6,
7,
8,
8,
9,
10,
12,
13,
14,
15,
16,
17,
18,
19,
20,
21,
21,
22,
24,
25,
25,
25,
25,
26,
27,
28,
32,
33,
34,
],
'ag-grid:src/ts/rendering/renderedRow.ts':[
4,
5,
6,
10,
11,
12,
14,
16,
16,
16,
16,
17,
19,
20,
21,
22,
],
'ag-grid:src/ts/rendering/rowRenderer.ts':[
2,
3,
3,
4,
5,
6,
7,
8,
10,
11,
12,
14,
15,
16,
17,
18,
18,
19,
20,
21,
23,
23,
24,
25,
27,
],
'ag-grid:src/ts/rendering/valueFormatterService.ts':[
3,
4,
5,
],
'ag-grid:src/ts/rowModels/cache/rowNodeBlock.ts':[
1,
3,
5,
6,
],
'ag-grid:src/ts/rowModels/cache/rowNodeBlockLoader.ts':[
2,
2,
],
'ag-grid:src/ts/rowModels/cache/rowNodeCache.ts':[
1,
2,
5,
6,
],
'ag-grid:src/ts/rowModels/floatingRowModel.ts':[
2,
4,
5,
6,
],
'ag-grid:src/ts/rowModels/inMemory/filterStage.ts':[
2,
3,
3,
4,
],
'ag-grid:src/ts/rowModels/inMemory/flattenStage.ts':[
1,
4,
5,
6,
7,
7,
8,
],
'ag-grid:src/ts/rowModels/inMemory/inMemoryNodeManager.ts':[
4,
5,
6,
7,
],
'ag-grid:src/ts/rowModels/inMemory/inMemoryRowModel.ts':[
3,
4,
5,
7,
8,
9,
10,
11,
12,
],
'ag-grid:src/ts/rowModels/inMemory/sortStage.ts':[
2,
3,
4,
],
'ag-grid:src/ts/rowModels/infinite/infiniteBlock.ts':[
2,
3,
4,
5,
6,
7,
9,
],
'ag-grid:src/ts/rowModels/infinite/infiniteCache.ts':[
1,
2,
3,
4,
6,
6,
7,
9,
],
'ag-grid:src/ts/rowModels/infinite/infiniteRowModel.ts':[
2,
3,
4,
5,
6,
7,
9,
10,
12,
13,
],
'ag-grid:src/ts/rowModels/pagination/paginationComp.ts':[
4,
6,
6,
8,
10,
11,
],
'ag-grid:src/ts/rowModels/pagination/serverPaginationService.ts':[
2,
4,
5,
6,
7,
8,
10,
11,
13,
],
'ag-grid:src/ts/rowModels/paginationProxy.ts':[
3,
4,
5,
6,
7,
10,
11,
12,
],
'ag-grid:src/ts/rowNodes/filterService.ts':[
2,
3,
],
'ag-grid:src/ts/rowNodes/rowNodeFactory.ts':[
3,
4,
5,
],
'ag-grid:src/ts/rowNodes/sortService.ts':[
1,
2,
4,
6,
],
'ag-grid:src/ts/selectionController.ts':[
2,
5,
6,
7,
10,
11,
14,
15,
],
'ag-grid:src/ts/sortController.ts':[
3,
4,
5,
],
'ag-grid:src/ts/styling/stylingService.ts':[
1,
3,
],
'ag-grid:src/ts/svgFactory.ts':[
1,
],
'ag-grid:src/ts/templateService.ts':[
2,
],
'ag-grid:src/ts/utils.ts':[
1,
2,
3,
],
'ag-grid:src/ts/valueService.ts':[
1,
2,
3,
4,
6,
7,
10,
],
'ag-grid:src/ts/widgets/agCheckbox.ts':[
6,
],
'ag-grid:src/ts/widgets/component.ts':[
2,
4,
],
'ag-grid:src/ts/widgets/popupService.ts':[
4,
5,
],
'ag-grid:src/ts/widgets/touchListener.ts':[
3,
],
}
