{
'prettier-vscode:src/PrettierEditProvider.ts':[
4,
5,
7,
8,
9,
17,
18,
19,
20,
],
'prettier-vscode:src/extension.ts':[
3,
4,
10,
],
'prettier-vscode:src/requirePkg.ts':[
1,
1,
],
}
