{
'rxjs:spec/Observable-spec.ts':[
4,
],
'rxjs:spec/helpers/marble-testing.ts':[
2,
3,
4,
5,
6,
6,
6,
],
'rxjs:spec/helpers/test-helper.ts':[
5,
],
'rxjs:spec/observables/generate-spec.ts':[
3,
],
'rxjs:spec/schedulers/VirtualTimeScheduler-spec.ts':[
3,
],
'rxjs:spec/subjects/ReplaySubject-spec.ts':[
3,
],
'rxjs:src/Rx.ts':[
170,
171,
172,
173,
],
}
