{
'js-project:babylon/src/index.js':[
3,
9,
9,
],
'js-project:babylon/src/parser/comments.js':[
30,
30,
],
'js-project:babylon/src/parser/expression.js':[
23,
27,
27,
],
'js-project:babylon/src/parser/index.js':[
3,
4,
],
'js-project:babylon/src/parser/lval.js':[
3,
5,
9,
10,
11,
12,
13,
14,
16,
],
'js-project:babylon/src/parser/node.js':[
3,
5,
6,
6,
],
'js-project:babylon/src/parser/statement.js':[
5,
6,
8,
],
'js-project:babylon/src/parser/util.js':[
3,
5,
],
'js-project:babylon/src/plugins/estree.js':[
3,
4,
5,
6,
6,
],
'js-project:babylon/src/plugins/flow.js':[
5,
6,
7,
8,
8,
],
'js-project:babylon/src/plugins/jsx/index.js':[
4,
7,
9,
9,
],
'js-project:babylon/src/plugins/typescript.js':[
3,
6,
7,
7,
8,
],
'js-project:babylon/src/tokenizer/index.js':[
5,
6,
13,
],
'js-project:babylon/src/tokenizer/state.js':[
3,
],
'js-project:ecmascript6/Ghost/core/client/tests/acceptance/authentication-test.js':[
12,
12,
],
'js-project:ecmascript6/Ghost/core/client/tests/acceptance/posts/post-test.js':[
12,
13,
13,
],
'js-project:ecmascript6/Ghost/core/client/tests/acceptance/setup-test.js':[
9,
],
'js-project:ecmascript6/Ghost/core/client/tests/acceptance/team-test.js':[
9,
],
'js-project:ecmascript6/Ghost/core/client/tests/integration/components/gh-tags-management-container-test.js':[
8,
],
'js-project:ecmascript6/Ghost/core/client/tests/integration/services/ajax-test.js':[
7,
],
'js-project:ecmascript6/Ghost/core/client/tests/unit/components/gh-trim-focus-input_test.js':[
1,
],
'js-project:ecmascript6/Ghost/core/client/tests/unit/helpers/gh-user-can-admin-test.js':[
2,
],
'js-project:ecmascript6/Ghost/core/client/tests/unit/mixins/validation-engine-test.js':[
2,
7,
8,
],
'js-project:ecmascript6/Ghost/core/client/tests/unit/validators/tag-settings-test.js':[
8,
],
'js-project:ecmascript6/di.js/example/angular-loader/main.js':[
1,
],
'js-project:ecmascript6/expressionist.js/test/watch_parser.spec.js':[
6,
],
'js-project:ecmascript6/http/test/ConnectionMock.spec.js':[
1,
6,
6,
],
'js-project:ecmascript6/http/test/Http.spec.js':[
4,
5,
6,
7,
],
'js-project:ecmascript6/http/test/JSONPConnection.spec.js':[
4,
5,
5,
],
'js-project:ecmascript6/http/test/Serialize.spec.js':[
1,
],
'js-project:ecmascript6/http/test/XHRConnection.spec.js':[
4,
5,
5,
],
'js-project:ecmascript6/react-router/examples/huge-apps/app.js':[
5,
],
'js-project:ecmascript6/reddit-mobile/assets/js/client.es6.js':[
29,
],
'js-project:ecmascript6/reddit-mobile/src/server/console.es6.js':[
12,
],
'js-project:ecmascript6/reddit-mobile/src/server/oauth.es6.js':[
6,
],
'js-project:ecmascript6/reddit-mobile/test/lib/formatDifference.es6.js':[
2,
],
'js-project:ecmascript6/reddit-mobile/test/lib/titleCase.es6.js':[
2,
],
'js-project:ecmascript6/redux/examples/universal/server/server.js':[
3,
],
'js-project:ecmascript6/snoode/src/endpoints/v1.es6.js':[
6,
13,
],
'js-project:ecmascript6/sonar-web/src/main/js/api/metrics.js':[
1,
],
'js-project:ecmascript6/sonar-web/tests/apps/overview/overview-test.js':[
2,
8,
],
'js-project:ecmascript6/templating/src/lib/compiler/selector_config.js':[
1,
],
'js-project:ecmascript6/templating/test/lib/compiler/compiler.spec.js':[
1,
3,
4,
6,
],
'js-project:ecmascript6/watchtower.js/test/watchgroup.spec.js':[
18,
],
'js-project:jest/packages/babel-jest/src/index.js':[
11,
11,
12,
12,
],
'js-project:jest/packages/eslint-plugin-jest/src/rules/no_disabled_tests.js':[
11,
11,
],
'js-project:jest/packages/eslint-plugin-jest/src/rules/no_focused_tests.js':[
11,
11,
],
'js-project:jest/packages/eslint-plugin-jest/src/rules/no_identical_title.js':[
11,
11,
],
'js-project:jest/packages/eslint-plugin-jest/src/rules/valid_expect.js':[
16,
16,
],
'js-project:jest/packages/expect/src/index.js':[
13,
14,
15,
16,
17,
18,
19,
],
'js-project:jest/packages/expect/src/jest_matchers_object.js':[
11,
],
'js-project:jest/packages/expect/src/matchers.js':[
11,
],
'js-project:jest/packages/expect/src/spy_matchers.js':[
11,
],
'js-project:jest/packages/expect/src/to_throw_matchers.js':[
11,
],
'js-project:jest/packages/jest-changed-files/src/git.js':[
11,
12,
12,
],
'js-project:jest/packages/jest-changed-files/src/hg.js':[
11,
12,
12,
],
'js-project:jest/packages/jest-changed-files/src/index.js':[
11,
12,
12,
12,
],
'js-project:jest/packages/jest-circus/src/event_handler.js':[
11,
],
'js-project:jest/packages/jest-circus/src/format_node_assert_errors.js':[
11,
12,
12,
],
'js-project:jest/packages/jest-circus/src/index.js':[
12,
13,
14,
15,
16,
17,
18,
],
'js-project:jest/packages/jest-circus/src/legacy_code_todo_rewrite/jest_adapter.js':[
11,
12,
12,
13,
15,
],
'js-project:jest/packages/jest-circus/src/legacy_code_todo_rewrite/jest_adapter_init.js':[
11,
11,
12,
12,
12,
13,
13,
],
'js-project:jest/packages/jest-circus/src/run.js':[
12,
13,
14,
15,
16,
],
'js-project:jest/packages/jest-circus/src/state.js':[
11,
11,
11,
],
'js-project:jest/packages/jest-circus/src/utils.js':[
12,
13,
14,
15,
16,
17,
18,
19,
20,
21,
22,
23,
],
'js-project:jest/packages/jest-cli/src/cli/args.js':[
11,
],
'js-project:jest/packages/jest-cli/src/cli/get_jest.js':[
11,
],
'js-project:jest/packages/jest-cli/src/cli/index.js':[
11,
12,
13,
13,
13,
],
'js-project:jest/packages/jest-cli/src/generate_empty_coverage.js':[
11,
11,
11,
],
'js-project:jest/packages/jest-cli/src/get_changed_files_promise.js':[
11,
11,
12,
],
'js-project:jest/packages/jest-cli/src/lib/Prompt.js':[
11,
],
'js-project:jest/packages/jest-cli/src/lib/create_context.js':[
11,
12,
13,
],
'js-project:jest/packages/jest-cli/src/lib/is_valid_path.js':[
11,
11,
],
'js-project:jest/packages/jest-cli/src/lib/log_debug_messages.js':[
11,
11,
],
'js-project:jest/packages/jest-cli/src/lib/pattern_mode_helpers.js':[
17,
],
'js-project:jest/packages/jest-cli/src/lib/update_global_config.js':[
11,
],
'js-project:jest/packages/jest-cli/src/pattern_prompt.js':[
13,
],
'js-project:jest/packages/jest-cli/src/reporter_dispatcher.js':[
11,
12,
13,
13,
14,
],
'js-project:jest/packages/jest-cli/src/reporters/Status.js':[
11,
13,
],
'js-project:jest/packages/jest-cli/src/reporters/base_reporter.js':[
11,
11,
12,
13,
14,
],
'js-project:jest/packages/jest-cli/src/reporters/coverage_reporter.js':[
12,
14,
15,
16,
17,
20,
21,
],
'js-project:jest/packages/jest-cli/src/reporters/default_reporter.js':[
13,
13,
14,
14,
15,
16,
],
'js-project:jest/packages/jest-cli/src/reporters/get_result_header.js':[
11,
11,
12,
],
'js-project:jest/packages/jest-cli/src/reporters/get_snapshot_status.js':[
11,
],
'js-project:jest/packages/jest-cli/src/reporters/get_snapshot_summary.js':[
11,
],
'js-project:jest/packages/jest-cli/src/reporters/notify_reporter.js':[
12,
13,
],
'js-project:jest/packages/jest-cli/src/reporters/summary_reporter.js':[
11,
11,
13,
14,
],
'js-project:jest/packages/jest-cli/src/reporters/utils.js':[
11,
11,
11,
12,
],
'js-project:jest/packages/jest-cli/src/reporters/verbose_reporter.js':[
13,
14,
15,
16,
18,
],
'js-project:jest/packages/jest-cli/src/run_jest.js':[
11,
12,
13,
14,
15,
],
'js-project:jest/packages/jest-cli/src/search_source.js':[
12,
12,
14,
],
'js-project:jest/packages/jest-cli/src/test_name_pattern_prompt.js':[
13,
17,
],
'js-project:jest/packages/jest-cli/src/test_path_pattern_prompt.js':[
12,
13,
22,
],
'js-project:jest/packages/jest-cli/src/test_result_helpers.js':[
12,
13,
14,
],
'js-project:jest/packages/jest-cli/src/test_scheduler.js':[
11,
11,
12,
13,
14,
14,
29,
],
'js-project:jest/packages/jest-cli/src/test_sequencer.js':[
11,
13,
],
'js-project:jest/packages/jest-cli/src/watch.js':[
11,
12,
18,
],
'js-project:jest/packages/jest-config/src/get_max_workers.js':[
11,
],
'js-project:jest/packages/jest-config/src/index.js':[
11,
12,
12,
12,
],
'js-project:jest/packages/jest-config/src/normalize.js':[
11,
12,
],
'js-project:jest/packages/jest-config/src/read_config_file_and_set_root_dir.js':[
11,
11,
],
'js-project:jest/packages/jest-config/src/reporter_validation_errors.js':[
10,
],
'js-project:jest/packages/jest-config/src/resolve_config_path.js':[
11,
],
'js-project:jest/packages/jest-config/src/set_from_argv.js':[
11,
12,
],
'js-project:jest/packages/jest-config/src/utils.js':[
11,
],
'js-project:jest/packages/jest-diff/src/index.js':[
11,
],
'js-project:jest/packages/jest-editor-support/src/Process.js':[
11,
13,
],
'js-project:jest/packages/jest-editor-support/src/Runner.js':[
11,
],
'js-project:jest/packages/jest-editor-support/src/Settings.js':[
11,
],
'js-project:jest/packages/jest-editor-support/src/test_reconciler.js':[
13,
14,
18,
19,
],
'js-project:jest/packages/jest-environment-jsdom/src/index.js':[
10,
11,
],
'js-project:jest/packages/jest-environment-node/src/index.js':[
11,
12,
],
'js-project:jest/packages/jest-haste-map/src/crawlers/node.js':[
11,
12,
12,
],
'js-project:jest/packages/jest-haste-map/src/crawlers/watchman.js':[
11,
12,
],
'js-project:jest/packages/jest-haste-map/src/haste_fs.js':[
11,
11,
],
'js-project:jest/packages/jest-haste-map/src/index.js':[
16,
17,
19,
],
'js-project:jest/packages/jest-haste-map/src/worker.js':[
11,
12,
12,
],
'js-project:jest/packages/jest-jasmine2/src/assert_support.js':[
11,
],
'js-project:jest/packages/jest-jasmine2/src/index.js':[
11,
12,
12,
13,
14,
16,
],
'js-project:jest/packages/jest-jasmine2/src/jasmine/jasmine_light.js':[
35,
],
'js-project:jest/packages/jest-jasmine2/src/jasmine_async.js':[
16,
],
'js-project:jest/packages/jest-jasmine2/src/reporter.js':[
12,
],
'js-project:jest/packages/jest-message-util/src/index.js':[
11,
12,
12,
],
'js-project:jest/packages/jest-phabricator/src/index.js':[
11,
13,
],
'js-project:jest/packages/jest-repl/src/cli/repl.js':[
12,
12,
],
'js-project:jest/packages/jest-resolve-dependencies/src/index.js':[
12,
13,
],
'js-project:jest/packages/jest-resolve/src/index.js':[
13,
],
'js-project:jest/packages/jest-runner/src/index.js':[
13,
14,
15,
16,
17,
18,
],
'js-project:jest/packages/jest-runner/src/run_test.js':[
12,
12,
12,
13,
15,
],
'js-project:jest/packages/jest-runtime/src/cli/index.js':[
11,
],
'js-project:jest/packages/jest-runtime/src/index.js':[
12,
15,
16,
17,
],
'js-project:jest/packages/jest-runtime/src/script_transformer.js':[
14,
15,
],
'js-project:jest/packages/jest-runtime/src/should_instrument.js':[
11,
11,
12,
],
'js-project:jest/packages/jest-snapshot/src/index.js':[
11,
12,
13,
13,
],
'js-project:jest/packages/jest-snapshot/src/plugins.js':[
11,
],
'js-project:jest/packages/jest-snapshot/src/utils.js':[
11,
11,
],
'js-project:jest/packages/jest-test-typescript-parser/src/type_script_parser.js':[
14,
],
'js-project:jest/packages/jest-util/src/buffered_console.js':[
11,
11,
],
'js-project:jest/packages/jest-util/src/format_test_results.js':[
12,
13,
14,
15,
16,
17,
18,
19,
],
'js-project:jest/packages/jest-util/src/get_console_output.js':[
11,
],
'js-project:jest/packages/jest-util/src/install_common_globals.js':[
11,
12,
],
'js-project:jest/packages/jest-util/src/set_global.js':[
11,
],
'js-project:jest/packages/jest-util/src/validate_cli_options.js':[
11,
],
'js-project:jest/packages/jest-validate/src/deprecated.js':[
11,
],
'js-project:jest/packages/jest-validate/src/errors.js':[
11,
],
'js-project:jest/packages/jest-validate/src/example_config.js':[
11,
],
'js-project:jest/packages/jest-validate/src/validate.js':[
11,
],
'js-project:jest/packages/jest-validate/src/warnings.js':[
11,
],
'js-project:jest/packages/pretty-format/src/__tests__/asymmetric_matcher.test.js':[
11,
],
'js-project:jest/packages/pretty-format/src/__tests__/expect_util.js':[
13,
],
'js-project:jest/packages/pretty-format/src/collections.js':[
11,
11,
11,
],
'js-project:jest/packages/pretty-format/src/index.js':[
12,
13,
14,
15,
16,
17,
18,
19,
20,
],
'js-project:jest/packages/pretty-format/src/plugins/asymmetric_matcher.js':[
11,
11,
11,
],
'js-project:jest/packages/pretty-format/src/plugins/convert_ansi.js':[
11,
11,
11,
],
'js-project:jest/packages/pretty-format/src/plugins/dom_element.js':[
11,
11,
11,
],
'js-project:jest/packages/pretty-format/src/plugins/immutable.js':[
11,
11,
11,
],
'js-project:jest/packages/pretty-format/src/plugins/lib/markup.js':[
11,
11,
11,
],
'js-project:jest/packages/pretty-format/src/plugins/react_element.js':[
11,
11,
11,
],
'js-project:jest/packages/pretty-format/src/plugins/react_test_component.js':[
12,
13,
15,
16,
],
'js-project:jest/test_utils.js':[
13,
13,
],
'js-project:jest/types/HasteMap.js':[
13,
],
'js-project:jest/types/Reporters.js':[
11,
],
'js-project:vuejs/jcc-blog/resources/assets/js/views/Dashboard.vue':[
14,
],
'js-project:vuejs/tomato5/src/App.vue':[
31,
32,
36,
],
'js-project:vuejs/tomato5/src/components/Panel.vue':[
85,
],
}
