{
'fireface:src/app/app.component.ts':[
2,
2,
3,
3,
4,
5,
],
'fireface:src/auth/auth.guard.ts':[
6,
6,
7,
8,
],
'fireface:src/auth/auth.module.ts':[
3,
3,
6,
],
'fireface:src/auth/auth.service.ts':[
2,
2,
],
'fireface:src/auth/unauth.guard.ts':[
5,
5,
6,
7,
],
'fireface:src/avatar/avatar.component.ts':[
1,
1,
5,
6,
],
'fireface:src/common/avatar.service.ts':[
5,
5,
5,
6,
7,
7,
],
'fireface:src/create/create.component.ts':[
1,
2,
3,
8,
8,
9,
10,
10,
10,
11,
],
'fireface:src/create/create.module.ts':[
4,
],
'fireface:src/gallery/gallery.component.ts':[
1,
1,
2,
3,
4,
4,
5,
],
'fireface:src/gallery/gallery.module.ts':[
4,
],
'fireface:src/landing/landing.component.ts':[
1,
1,
2,
3,
],
'fireface:src/landing/landing.module.ts':[
4,
],
'fireface:src/sign-in/sign-in.component.ts':[
2,
3,
],
'fireface:src/sign-in/sign-in.module.ts':[
4,
],
'fireface:src/storage/storage.component.ts':[
2,
3,
3,
5,
6,
],
}
